> Task :clean UP-TO-DATE
> Task :app:clean
> Task :app:preBuild UP-TO-DATE
> Task :app:preDebugBuild UP-TO-DATE
> Task :app:mergeDebugNativeDebugMetadata NO-SOURCE
> Task :app:checkKotlinGradlePluginConfigurationErrors SKIPPED
> Task :app:generateDebugResValues
> Task :app:checkDebugAarMetadata
> Task :app:mapDebugSourceSetPaths
> Task :app:generateDebugResources
> Task :app:packageDebugResources
> Task :app:createDebugCompatibleScreenManifests
> Task :app:extractDeepLinksDebug
> Task :app:parseDebugLocalResources
> Task :app:mergeDebugResources
> Task :app:processDebugMainManifest
> Task :app:processDebugManifest
> Task :app:mergeDebugShaders
> Task :app:compileDebugShaders NO-SOURCE
> Task :app:generateDebugAssets UP-TO-DATE
> Task :app:javaPreCompileDebug
> Task :app:mergeDebugAssets
> Task :app:compressDebugAssets
> Task :app:processDebugManifestForPackage
> Task :app:checkDebugDuplicateClasses
> Task :app:desugarDebugFileDependencies
> Task :app:mergeDebugJniLibFolders
> Task :app:mergeLibDexDebug
> Task :app:validateSigningDebug
> Task :app:mergeDebugNativeLibs
> Task :app:writeDebugAppMetadata
> Task :app:writeDebugSigningConfigVersions

> Task :app:stripDebugDebugSymbols
Unable to strip the following libraries, packaging them as they are: libandroidx.graphics.path.so.

> Task :app:buildKotlinToolingMetadata
> Task :app:preReleaseBuild UP-TO-DATE
> Task :app:generateReleaseResValues
> Task :app:checkReleaseAarMetadata
> Task :app:mapReleaseSourceSetPaths
> Task :app:generateReleaseResources
> Task :app:processDebugResources
> Task :app:mergeReleaseResources
> Task :app:packageReleaseResources
> Task :app:createReleaseCompatibleScreenManifests
> Task :app:extractDeepLinksRelease
> Task :app:parseReleaseLocalResources
> Task :app:processReleaseMainManifest
> Task :app:processReleaseManifest
> Task :app:processReleaseManifestForPackage
> Task :app:javaPreCompileRelease
> Task :app:extractProguardFiles
> Task :app:mergeReleaseJniLibFolders
> Task :app:mergeReleaseNativeLibs
> Task :app:desugarReleaseFileDependencies
> Task :app:mergeReleaseStartupProfile UP-TO-DATE

> Task :app:stripReleaseDebugSymbols
Unable to strip the following libraries, packaging them as they are: libandroidx.graphics.path.so.

> Task :app:extractReleaseNativeSymbolTables
> Task :app:checkReleaseDuplicateClasses
> Task :app:mergeReleaseShaders
> Task :app:mergeReleaseArtProfile
> Task :app:mergeReleaseNativeDebugMetadata NO-SOURCE
> Task :app:compileReleaseShaders NO-SOURCE
> Task :app:generateReleaseAssets UP-TO-DATE
> Task :app:mergeReleaseAssets
> Task :app:compressReleaseAssets
> Task :app:extractReleaseVersionControlInfo
> Task :app:collectReleaseDependencies
> Task :app:sdkReleaseDependencyData
> Task :app:writeReleaseAppMetadata
> Task :app:writeReleaseSigningConfigVersions
> Task :app:preDebugAndroidTestBuild SKIPPED
> Task :app:generateDebugAndroidTestResValues
> Task :app:preDebugUnitTestBuild UP-TO-DATE
> Task :app:preReleaseUnitTestBuild UP-TO-DATE
> Task :app:javaPreCompileDebugUnitTest
> Task :app:javaPreCompileReleaseUnitTest
> Task :app:processReleaseResources
> Task :app:optimizeReleaseResources

> Task :app:kaptGenerateStubsDebugKotlin
w: Kapt currently doesn't support language version 2.0+. Falling back to 1.9.

> Task :app:mergeExtDexDebug

> Task :app:kaptGenerateStubsReleaseKotlin
w: Kapt currently doesn't support language version 2.0+. Falling back to 1.9.

> Task :app:mergeExtDexRelease

> Task :app:kaptDebugKotlin
C:\Users\Dom\AndroidStudioProjects\BottleVault\app\build\tmp\kapt3\stubs\debug\com\toastedcoffee\bottlevault\data\local\database\BottleWithProductDao.java:9: warning: The query returns some columns [imageServerId, imageServerUrl, serverId, lastSyncAttempt, serverVersion, syncError] which are not used by com.toastedcoffee.bottlevault.data.model.BottleWithProduct. You can use @ColumnInfo annotation on the fields to specify the mapping. You can annotate the method with @RewriteQueriesToDropUnusedColumns to direct Room to rewrite your query to avoid fetching unused columns.  You can suppress this warning by annotating the method with @SuppressWarnings(RoomWarnings.CURSOR_MISMATCH). Columns returned by the query: id, productId, userId, status, percentageLeft, purchaseDate, purchaseLocation, purchaseCost, notes, rating, storageLocation, imageLocalPath, hasCustomImage, imageServerId, imageServerUrl, createdAt, lastModified, serverId, syncStatus, lastSyncAttempt, serverVersion, syncError, productName, type, subtype, size, abv, brandName, country.
    public abstract kotlinx.coroutines.flow.Flow<java.util.List<com.toastedcoffee.bottlevault.data.model.BottleWithProduct>> getAllBottlesWithProductForUser(@org.jetbrains.annotations.NotNull()
                                                                                                                             ^
C:\Users\Dom\AndroidStudioProjects\BottleVault\app\build\tmp\kapt3\stubs\debug\com\toastedcoffee\bottlevault\data\local\database\BottleWithProductDao.java:14: warning: The query returns some columns [imageServerId, imageServerUrl, serverId, lastSyncAttempt, serverVersion, syncError] which are not used by com.toastedcoffee.bottlevault.data.model.BottleWithProduct. You can use @ColumnInfo annotation on the fields to specify the mapping. You can annotate the method with @RewriteQueriesToDropUnusedColumns to direct Room to rewrite your query to avoid fetching unused columns.  You can suppress this warning by annotating the method with @SuppressWarnings(RoomWarnings.CURSOR_MISMATCH). Columns returned by the query: id, productId, userId, status, percentageLeft, purchaseDate, purchaseLocation, purchaseCost, notes, rating, storageLocation, imageLocalPath, hasCustomImage, imageServerId, imageServerUrl, createdAt, lastModified, serverId, syncStatus, lastSyncAttempt, serverVersion, syncError, productName, type, subtype, size, abv, brandName, country.
    public abstract kotlinx.coroutines.flow.Flow<java.util.List<com.toastedcoffee.bottlevault.data.model.BottleWithProduct>> searchBottlesWithProduct(@org.jetbrains.annotations.NotNull()
                                                                                                                             ^
C:\Users\Dom\AndroidStudioProjects\BottleVault\app\build\tmp\kapt3\stubs\debug\com\toastedcoffee\bottlevault\data\local\database\BottleWithProductDao.java:20: warning: The query returns some columns [imageServerId, imageServerUrl, serverId, lastSyncAttempt, serverVersion, syncError] which are not used by com.toastedcoffee.bottlevault.data.model.BottleWithProduct. You can use @ColumnInfo annotation on the fields to specify the mapping. You can annotate the method with @RewriteQueriesToDropUnusedColumns to direct Room to rewrite your query to avoid fetching unused columns.  You can suppress this warning by annotating the method with @SuppressWarnings(RoomWarnings.CURSOR_MISMATCH). Columns returned by the query: id, productId, userId, status, percentageLeft, purchaseDate, purchaseLocation, purchaseCost, notes, rating, storageLocation, imageLocalPath, hasCustomImage, imageServerId, imageServerUrl, createdAt, lastModified, serverId, syncStatus, lastSyncAttempt, serverVersion, syncError, productName, type, subtype, size, abv, brandName, country.
    public abstract kotlinx.coroutines.flow.Flow<java.util.List<com.toastedcoffee.bottlevault.data.model.BottleWithProduct>> getBottlesWithProductByType(@org.jetbrains.annotations.NotNull()
                                                                                                                             ^

> Task :app:kaptReleaseKotlin
C:\Users\Dom\AndroidStudioProjects\BottleVault\app\build\tmp\kapt3\stubs\release\com\toastedcoffee\bottlevault\data\local\database\BottleWithProductDao.java:9: warning: The query returns some columns [imageServerId, imageServerUrl, serverId, lastSyncAttempt, serverVersion, syncError] which are not used by com.toastedcoffee.bottlevault.data.model.BottleWithProduct. You can use @ColumnInfo annotation on the fields to specify the mapping. You can annotate the method with @RewriteQueriesToDropUnusedColumns to direct Room to rewrite your query to avoid fetching unused columns.  You can suppress this warning by annotating the method with @SuppressWarnings(RoomWarnings.CURSOR_MISMATCH). Columns returned by the query: id, productId, userId, status, percentageLeft, purchaseDate, purchaseLocation, purchaseCost, notes, rating, storageLocation, imageLocalPath, hasCustomImage, imageServerId, imageServerUrl, createdAt, lastModified, serverId, syncStatus, lastSyncAttempt, serverVersion, syncError, productName, type, subtype, size, abv, brandName, country.
    public abstract kotlinx.coroutines.flow.Flow<java.util.List<com.toastedcoffee.bottlevault.data.model.BottleWithProduct>> getAllBottlesWithProductForUser(@org.jetbrains.annotations.NotNull()
                                                                                                                             ^
C:\Users\Dom\AndroidStudioProjects\BottleVault\app\build\tmp\kapt3\stubs\release\com\toastedcoffee\bottlevault\data\local\database\BottleWithProductDao.java:14: warning: The query returns some columns [imageServerId, imageServerUrl, serverId, lastSyncAttempt, serverVersion, syncError] which are not used by com.toastedcoffee.bottlevault.data.model.BottleWithProduct. You can use @ColumnInfo annotation on the fields to specify the mapping. You can annotate the method with @RewriteQueriesToDropUnusedColumns to direct Room to rewrite your query to avoid fetching unused columns.  You can suppress this warning by annotating the method with @SuppressWarnings(RoomWarnings.CURSOR_MISMATCH). Columns returned by the query: id, productId, userId, status, percentageLeft, purchaseDate, purchaseLocation, purchaseCost, notes, rating, storageLocation, imageLocalPath, hasCustomImage, imageServerId, imageServerUrl, createdAt, lastModified, serverId, syncStatus, lastSyncAttempt, serverVersion, syncError, productName, type, subtype, size, abv, brandName, country.
    public abstract kotlinx.coroutines.flow.Flow<java.util.List<com.toastedcoffee.bottlevault.data.model.BottleWithProduct>> searchBottlesWithProduct(@org.jetbrains.annotations.NotNull()
                                                                                                                             ^
C:\Users\Dom\AndroidStudioProjects\BottleVault\app\build\tmp\kapt3\stubs\release\com\toastedcoffee\bottlevault\data\local\database\BottleWithProductDao.java:20: warning: The query returns some columns [imageServerId, imageServerUrl, serverId, lastSyncAttempt, serverVersion, syncError] which are not used by com.toastedcoffee.bottlevault.data.model.BottleWithProduct. You can use @ColumnInfo annotation on the fields to specify the mapping. You can annotate the method with @RewriteQueriesToDropUnusedColumns to direct Room to rewrite your query to avoid fetching unused columns.  You can suppress this warning by annotating the method with @SuppressWarnings(RoomWarnings.CURSOR_MISMATCH). Columns returned by the query: id, productId, userId, status, percentageLeft, purchaseDate, purchaseLocation, purchaseCost, notes, rating, storageLocation, imageLocalPath, hasCustomImage, imageServerId, imageServerUrl, createdAt, lastModified, serverId, syncStatus, lastSyncAttempt, serverVersion, syncError, productName, type, subtype, size, abv, brandName, country.
    public abstract kotlinx.coroutines.flow.Flow<java.util.List<com.toastedcoffee.bottlevault.data.model.BottleWithProduct>> getBottlesWithProductByType(@org.jetbrains.annotations.NotNull()
                                                                                                                             ^

> Task :app:compileDebugKotlin FAILED
./gradlew : e: file:///C:/Users/Dom/AndroidStudioProjects/BottleVault/app/src/main/java/com/toastedcoffee/bottlevault/BottleVaultApplication.kt:22:9 Unresolved reference. None of the following 
candidates is applicable because of a receiver type mismatch:
At line:1 char:1
+ ./gradlew clean build 2>&1 | Tee-Object -FilePath build-output.txt
+ ~~~~~~~~~~~~~~~~~~~~~~~~~~
    + CategoryInfo          : NotSpecified: (e: file:///C:/U... type mismatch::String) [], RemoteException
    + FullyQualifiedErrorId : NativeCommandError
 
val LifecycleOwner.lifecycleScope: LifecycleCoroutineScope
e: file:///C:/Users/Dom/AndroidStudioProjects/BottleVault/app/src/main/java/com/toastedcoffee/bottlevault/ui/addedit/AddEditBottleViewModel.kt:8:54 Unresolved reference 'ProductRepository'.
e: file:///C:/Users/Dom/AndroidStudioProjects/BottleVault/app/src/main/java/com/toastedcoffee/bottlevault/ui/addedit/AddEditBottleViewModel.kt:9:54 Unresolved reference 'UserRepository'.
e: file:///C:/Users/Dom/AndroidStudioProjects/BottleVault/app/src/main/java/com/toastedcoffee/bottlevault/ui/addedit/AddEditBottleViewModel.kt:25:45 Unresolved reference 'AVAILABLE'.
e: file:///C:/Users/Dom/AndroidStudioProjects/BottleVault/app/src/main/java/com/toastedcoffee/bottlevault/ui/addedit/AddEditBottleViewModel.kt:42:36 Unresolved reference 'ProductRepository'.
e: file:///C:/Users/Dom/AndroidStudioProjects/BottleVault/app/src/main/java/com/toastedcoffee/bottlevault/ui/addedit/AddEditBottleViewModel.kt:43:33 Unresolved reference 'UserRepository'.
e: file:///C:/Users/Dom/AndroidStudioProjects/BottleVault/app/src/main/java/com/toastedcoffee/bottlevault/ui/addedit/AddEditBottleViewModel.kt:71:35 Unresolved reference 'AVAILABLE'.
e: file:///C:/Users/Dom/AndroidStudioProjects/BottleVault/app/src/main/java/com/toastedcoffee/bottlevault/ui/addedit/AddEditBottleViewModel.kt:84:35 Unresolved reference 'getAllBrands'.
e: file:///C:/Users/Dom/AndroidStudioProjects/BottleVault/app/src/main/java/com/toastedcoffee/bottlevault/ui/addedit/AddEditBottleViewModel.kt:84:60 Cannot infer type for this parameter. Please specify 
it explicitly.
e: file:///C:/Users/Dom/AndroidStudioProjects/BottleVault/app/src/main/java/com/toastedcoffee/bottlevault/ui/addedit/AddEditBottleViewModel.kt:103:34 Unresolved reference 'getBottleWithProduct'.
e: file:///C:/Users/Dom/AndroidStudioProjects/BottleVault/app/src/main/java/com/toastedcoffee/bottlevault/ui/addedit/AddEditBottleViewModel.kt:103:75 Cannot infer type for this parameter. Please 
specify it explicitly.
e: file:///C:/Users/Dom/AndroidStudioProjects/BottleVault/app/src/main/java/com/toastedcoffee/bottlevault/ui/addedit/AddEditBottleViewModel.kt:105:56 Unresolved reference 'bottle'.
e: file:///C:/Users/Dom/AndroidStudioProjects/BottleVault/app/src/main/java/com/toastedcoffee/bottlevault/ui/addedit/AddEditBottleViewModel.kt:106:57 Unresolved reference 'product'.
e: file:///C:/Users/Dom/AndroidStudioProjects/BottleVault/app/src/main/java/com/toastedcoffee/bottlevault/ui/addedit/AddEditBottleViewModel.kt:144:35 Unresolved reference 'getProductsByBrand'.
e: file:///C:/Users/Dom/AndroidStudioProjects/BottleVault/app/src/main/java/com/toastedcoffee/bottlevault/ui/addedit/AddEditBottleViewModel.kt:144:73 Cannot infer type for this parameter. Please 
specify it explicitly.
e: file:///C:/Users/Dom/AndroidStudioProjects/BottleVault/app/src/main/java/com/toastedcoffee/bottlevault/ui/addedit/AddEditBottleViewModel.kt:201:50 Unresolved reference 'getCurrentUser'.
e: file:///C:/Users/Dom/AndroidStudioProjects/BottleVault/app/src/main/java/com/toastedcoffee/bottlevault/ui/addedit/AddEditBottleViewModel.kt:201:67 Cannot infer type for this parameter. Please 
specify it explicitly.
e: file:///C:/Users/Dom/AndroidStudioProjects/BottleVault/app/src/main/java/com/toastedcoffee/bottlevault/ui/addedit/AddEditBottleViewModel.kt:216:46 Unresolved reference 'id'.
e: file:///C:/Users/Dom/AndroidStudioProjects/BottleVault/app/src/main/java/com/toastedcoffee/bottlevault/ui/addedit/AddEditBottleViewModel.kt:229:46 Unresolved reference 'id'.
e: file:///C:/Users/Dom/AndroidStudioProjects/BottleVault/app/src/main/java/com/toastedcoffee/bottlevault/ui/inventory/InventoryScreen.kt:11:47 Unresolved reference 'FilterList'.
e: file:///C:/Users/Dom/AndroidStudioProjects/BottleVault/app/src/main/java/com/toastedcoffee/bottlevault/ui/inventory/InventoryScreen.kt:47:57 Unresolved reference 'FilterList'.
e: file:///C:/Users/Dom/AndroidStudioProjects/BottleVault/app/src/main/java/com/toastedcoffee/bottlevault/ui/inventory/InventoryScreen.kt:84:40 Smart cast to 
'com.toastedcoffee.bottlevault.data.model.BottleStatus' is impossible, because 'selectedFilter' is a delegated property.
e: file:///C:/Users/Dom/AndroidStudioProjects/BottleVault/app/src/main/java/com/toastedcoffee/bottlevault/ui/inventory/InventoryScreen.kt:121:40 Unresolved reference 'bottle'.
e: file:///C:/Users/Dom/AndroidStudioProjects/BottleVault/app/src/main/java/com/toastedcoffee/bottlevault/ui/inventory/InventoryScreen.kt:125:81 Unresolved reference 'bottle'.
e: file:///C:/Users/Dom/AndroidStudioProjects/BottleVault/app/src/main/java/com/toastedcoffee/bottlevault/ui/inventory/InventoryScreen.kt:127:84 Unresolved reference 'bottle'.
e: file:///C:/Users/Dom/AndroidStudioProjects/BottleVault/app/src/main/java/com/toastedcoffee/bottlevault/ui/inventory/InventoryScreen.kt:130:78 Unresolved reference 'bottle'.
e: file:///C:/Users/Dom/AndroidStudioProjects/BottleVault/app/src/main/java/com/toastedcoffee/bottlevault/ui/inventory/InventoryScreen.kt:169:36 Unresolved reference 'bottle'.
e: file:///C:/Users/Dom/AndroidStudioProjects/BottleVault/app/src/main/java/com/toastedcoffee/bottlevault/ui/inventory/InventoryScreen.kt:170:37 Unresolved reference 'product'.
e: file:///C:/Users/Dom/AndroidStudioProjects/BottleVault/app/src/main/java/com/toastedcoffee/bottlevault/ui/inventory/InventoryScreen.kt:212:42 'when' expression must be exhaustive. Add an 'else' 
branch.
e: file:///C:/Users/Dom/AndroidStudioProjects/BottleVault/app/src/main/java/com/toastedcoffee/bottlevault/ui/inventory/InventoryScreen.kt:213:42 Unresolved reference 'AVAILABLE'.
e: file:///C:/Users/Dom/AndroidStudioProjects/BottleVault/app/src/main/java/com/toastedcoffee/bottlevault/ui/inventory/InventoryScreen.kt:214:65 Unresolved reference 'CONSUMED'.
e: file:///C:/Users/Dom/AndroidStudioProjects/BottleVault/app/src/main/java/com/toastedcoffee/bottlevault/ui/inventory/InventoryScreen.kt:215:42 Unresolved reference 'CONSUMED'.
e: file:///C:/Users/Dom/AndroidStudioProjects/BottleVault/app/src/main/java/com/toastedcoffee/bottlevault/ui/inventory/InventoryScreen.kt:215:67 Unresolved reference 'AVAILABLE'.
e: file:///C:/Users/Dom/AndroidStudioProjects/BottleVault/app/src/main/java/com/toastedcoffee/bottlevault/ui/inventory/InventoryScreen.kt:222:38 Cannot infer type for this parameter. Please specify it 
explicitly.
e: file:///C:/Users/Dom/AndroidStudioProjects/BottleVault/app/src/main/java/com/toastedcoffee/bottlevault/ui/inventory/InventoryScreen.kt:222:44 Cannot infer type for this parameter. Please specify it 
explicitly.
e: file:///C:/Users/Dom/AndroidStudioProjects/BottleVault/app/src/main/java/com/toastedcoffee/bottlevault/ui/inventory/InventoryScreen.kt:223:21 @Composable invocations can only happen from the context 
of a @Composable function
e: file:///C:/Users/Dom/AndroidStudioProjects/BottleVault/app/src/main/java/com/toastedcoffee/bottlevault/ui/inventory/InventoryScreen.kt:225:47 @Composable invocations can only happen from the context 
of a @Composable function
e: file:///C:/Users/Dom/AndroidStudioProjects/BottleVault/app/src/main/java/com/toastedcoffee/bottlevault/ui/inventory/InventoryScreen.kt:226:47 @Composable invocations can only happen from the context 
of a @Composable function
e: file:///C:/Users/Dom/AndroidStudioProjects/BottleVault/app/src/main/java/com/toastedcoffee/bottlevault/ui/inventory/InventoryScreen.kt:238:46 Cannot infer type for this parameter. Please specify it 
explicitly.
e: file:///C:/Users/Dom/AndroidStudioProjects/BottleVault/app/src/main/java/com/toastedcoffee/bottlevault/ui/inventory/InventoryScreen.kt:238:52 Cannot infer type for this parameter. Please specify it 
explicitly.
e: file:///C:/Users/Dom/AndroidStudioProjects/BottleVault/app/src/main/java/com/toastedcoffee/bottlevault/ui/inventory/InventoryScreen.kt:241:51 @Composable invocations can only happen from the context 
of a @Composable function
e: file:///C:/Users/Dom/AndroidStudioProjects/BottleVault/app/src/main/java/com/toastedcoffee/bottlevault/ui/inventory/InventoryScreen.kt:242:51 @Composable invocations can only happen from the context 
of a @Composable function
e: file:///C:/Users/Dom/AndroidStudioProjects/BottleVault/app/src/main/java/com/toastedcoffee/bottlevault/ui/inventory/InventoryScreen.kt:249:42 Cannot infer type for this parameter. Please specify it 
explicitly.
e: file:///C:/Users/Dom/AndroidStudioProjects/BottleVault/app/src/main/java/com/toastedcoffee/bottlevault/ui/inventory/InventoryScreen.kt:249:48 Cannot infer type for this parameter. Please specify it 
explicitly.
e: file:///C:/Users/Dom/AndroidStudioProjects/BottleVault/app/src/main/java/com/toastedcoffee/bottlevault/ui/inventory/InventoryScreen.kt:250:25 @Composable invocations can only happen from the context 
of a @Composable function
e: file:///C:/Users/Dom/AndroidStudioProjects/BottleVault/app/src/main/java/com/toastedcoffee/bottlevault/ui/inventory/InventoryScreen.kt:252:51 @Composable invocations can only happen from the context 
of a @Composable function
e: file:///C:/Users/Dom/AndroidStudioProjects/BottleVault/app/src/main/java/com/toastedcoffee/bottlevault/ui/inventory/InventoryScreen.kt:253:51 @Composable invocations can only happen from the context 
of a @Composable function
e: file:///C:/Users/Dom/AndroidStudioProjects/BottleVault/app/src/main/java/com/toastedcoffee/bottlevault/ui/inventory/InventoryScreen.kt:267:25 'when' expression must be exhaustive. Add the 
'UNOPENED', 'EMPTY' branches or an 'else' branch.
e: file:///C:/Users/Dom/AndroidStudioProjects/BottleVault/app/src/main/java/com/toastedcoffee/bottlevault/ui/inventory/InventoryScreen.kt:268:22 Unresolved reference 'AVAILABLE'.
e: file:///C:/Users/Dom/AndroidStudioProjects/BottleVault/app/src/main/java/com/toastedcoffee/bottlevault/ui/inventory/InventoryScreen.kt:270:22 Unresolved reference 'CONSUMED'.
e: file:///C:/Users/Dom/AndroidStudioProjects/BottleVault/app/src/main/java/com/toastedcoffee/bottlevault/ui/inventory/InventoryViewModel.kt:10:54 Unresolved reference 'UserRepository'.
e: file:///C:/Users/Dom/AndroidStudioProjects/BottleVault/app/src/main/java/com/toastedcoffee/bottlevault/ui/inventory/InventoryViewModel.kt:29:33 Unresolved reference 'UserRepository'.
e: file:///C:/Users/Dom/AndroidStudioProjects/BottleVault/app/src/main/java/com/toastedcoffee/bottlevault/ui/inventory/InventoryViewModel.kt:44:17 Cannot infer type for this parameter. Please specify 
it explicitly.
e: file:///C:/Users/Dom/AndroidStudioProjects/BottleVault/app/src/main/java/com/toastedcoffee/bottlevault/ui/inventory/InventoryViewModel.kt:44:17 Not enough information to infer type argument for 'T1'.
e: file:///C:/Users/Dom/AndroidStudioProjects/BottleVault/app/src/main/java/com/toastedcoffee/bottlevault/ui/inventory/InventoryViewModel.kt:44:17 Not enough information to infer type argument for 'R'.
e: file:///C:/Users/Dom/AndroidStudioProjects/BottleVault/app/src/main/java/com/toastedcoffee/bottlevault/ui/inventory/InventoryViewModel.kt:45:38 Unresolved reference 'getAllBottlesWithProducts'.
e: file:///C:/Users/Dom/AndroidStudioProjects/BottleVault/app/src/main/java/com/toastedcoffee/bottlevault/ui/inventory/InventoryViewModel.kt:47:21 Cannot infer type for this parameter. Please specify 
it explicitly.
e: file:///C:/Users/Dom/AndroidStudioProjects/BottleVault/app/src/main/java/com/toastedcoffee/bottlevault/ui/inventory/InventoryViewModel.kt:49:33 Overload resolution ambiguity between candidates:
fun <T> Array<out T>.filter(predicate: (T) -> Boolean): List<T>
fun BooleanArray.filter(predicate: (Boolean) -> Boolean): List<Boolean>
fun ByteArray.filter(predicate: (Byte) -> Boolean): List<Byte>
fun CharArray.filter(predicate: (Char) -> Boolean): List<Char>
fun DoubleArray.filter(predicate: (Double) -> Boolean): List<Double>
fun FloatArray.filter(predicate: (Float) -> Boolean): List<Float>
fun IntArray.filter(predicate: (Int) -> Boolean): List<Int>
fun LongArray.filter(predicate: (Long) -> Boolean): List<Long>
fun ShortArray.filter(predicate: (Short) -> Boolean): List<Short>
fun <T> Iterable<T>.filter(predicate: (T) -> Boolean): List<T>
fun <K, V> Map<out K, V>.filter(predicate: (Map.Entry<K, V>) -> Boolean): Map<K, V>
fun UByteArray.filter(predicate: (UByte) -> Boolean): List<UByte>
fun UIntArray.filter(predicate: (UInt) -> Boolean): List<UInt>
fun ULongArray.filter(predicate: (ULong) -> Boolean): List<ULong>
fun UShortArray.filter(predicate: (UShort) -> Boolean): List<UShort>
fun <T> Sequence<T>.filter(predicate: (T) -> Boolean): Sequence<T>
fun CharSequence.filter(predicate: (Char) -> Boolean): CharSequence
fun String.filter(predicate: (Char) -> Boolean): String
e: file:///C:/Users/Dom/AndroidStudioProjects/BottleVault/app/src/main/java/com/toastedcoffee/bottlevault/ui/inventory/InventoryViewModel.kt:49:42 Unresolved reference 'it'.
e: file:///C:/Users/Dom/AndroidStudioProjects/BottleVault/app/src/main/java/com/toastedcoffee/bottlevault/ui/inventory/InventoryViewModel.kt:60:27 Cannot infer type for this parameter. Please specify 
it explicitly.
e: file:///C:/Users/Dom/AndroidStudioProjects/BottleVault/app/src/main/java/com/toastedcoffee/bottlevault/ui/inventory/InventoryViewModel.kt:77:47 Argument type mismatch: actual type is 
'com.toastedcoffee.bottlevault.data.model.Bottle', but 'kotlin.String' was expected.
e: file:///C:/Users/Dom/AndroidStudioProjects/BottleVault/app/src/main/java/com/toastedcoffee/bottlevault/ui/inventory/InventoryViewModel.kt:89:34 Unresolved reference 'updateBottleStatus'.

> Task :app:compileReleaseKotlin FAILED
e: file:///C:/Users/Dom/AndroidStudioProjects/BottleVault/app/src/main/java/com/toastedcoffee/bottlevault/BottleVaultApplication.kt:22:9 Unresolved reference. None of the following candidates is 
applicable because of a receiver type mismatch:
val LifecycleOwner.lifecycleScope: LifecycleCoroutineScope
e: file:///C:/Users/Dom/AndroidStudioProjects/BottleVault/app/src/main/java/com/toastedcoffee/bottlevault/ui/addedit/AddEditBottleViewModel.kt:8:54 Unresolved reference 'ProductRepository'.
e: file:///C:/Users/Dom/AndroidStudioProjects/BottleVault/app/src/main/java/com/toastedcoffee/bottlevault/ui/addedit/AddEditBottleViewModel.kt:9:54 Unresolved reference 'UserRepository'.
e: file:///C:/Users/Dom/AndroidStudioProjects/BottleVault/app/src/main/java/com/toastedcoffee/bottlevault/ui/addedit/AddEditBottleViewModel.kt:25:45 Unresolved reference 'AVAILABLE'.
e: file:///C:/Users/Dom/AndroidStudioProjects/BottleVault/app/src/main/java/com/toastedcoffee/bottlevault/ui/addedit/AddEditBottleViewModel.kt:42:36 Unresolved reference 'ProductRepository'.
e: file:///C:/Users/Dom/AndroidStudioProjects/BottleVault/app/src/main/java/com/toastedcoffee/bottlevault/ui/addedit/AddEditBottleViewModel.kt:43:33 Unresolved reference 'UserRepository'.
e: file:///C:/Users/Dom/AndroidStudioProjects/BottleVault/app/src/main/java/com/toastedcoffee/bottlevault/ui/addedit/AddEditBottleViewModel.kt:71:35 Unresolved reference 'AVAILABLE'.
e: file:///C:/Users/Dom/AndroidStudioProjects/BottleVault/app/src/main/java/com/toastedcoffee/bottlevault/ui/addedit/AddEditBottleViewModel.kt:84:35 Unresolved reference 'getAllBrands'.
e: file:///C:/Users/Dom/AndroidStudioProjects/BottleVault/app/src/main/java/com/toastedcoffee/bottlevault/ui/addedit/AddEditBottleViewModel.kt:84:60 Cannot infer type for this parameter. Please specify 
it explicitly.
e: file:///C:/Users/Dom/AndroidStudioProjects/BottleVault/app/src/main/java/com/toastedcoffee/bottlevault/ui/addedit/AddEditBottleViewModel.kt:103:34 Unresolved reference 'getBottleWithProduct'.
e: file:///C:/Users/Dom/AndroidStudioProjects/BottleVault/app/src/main/java/com/toastedcoffee/bottlevault/ui/addedit/AddEditBottleViewModel.kt:103:75 Cannot infer type for this parameter. Please 
specify it explicitly.
e: file:///C:/Users/Dom/AndroidStudioProjects/BottleVault/app/src/main/java/com/toastedcoffee/bottlevault/ui/addedit/AddEditBottleViewModel.kt:105:56 Unresolved reference 'bottle'.
e: file:///C:/Users/Dom/AndroidStudioProjects/BottleVault/app/src/main/java/com/toastedcoffee/bottlevault/ui/addedit/AddEditBottleViewModel.kt:106:57 Unresolved reference 'product'.
e: file:///C:/Users/Dom/AndroidStudioProjects/BottleVault/app/src/main/java/com/toastedcoffee/bottlevault/ui/addedit/AddEditBottleViewModel.kt:144:35 Unresolved reference 'getProductsByBrand'.
e: file:///C:/Users/Dom/AndroidStudioProjects/BottleVault/app/src/main/java/com/toastedcoffee/bottlevault/ui/addedit/AddEditBottleViewModel.kt:144:73 Cannot infer type for this parameter. Please 
specify it explicitly.
e: file:///C:/Users/Dom/AndroidStudioProjects/BottleVault/app/src/main/java/com/toastedcoffee/bottlevault/ui/addedit/AddEditBottleViewModel.kt:201:50 Unresolved reference 'getCurrentUser'.
e: file:///C:/Users/Dom/AndroidStudioProjects/BottleVault/app/src/main/java/com/toastedcoffee/bottlevault/ui/addedit/AddEditBottleViewModel.kt:201:67 Cannot infer type for this parameter. Please 
specify it explicitly.
e: file:///C:/Users/Dom/AndroidStudioProjects/BottleVault/app/src/main/java/com/toastedcoffee/bottlevault/ui/addedit/AddEditBottleViewModel.kt:216:46 Unresolved reference 'id'.
e: file:///C:/Users/Dom/AndroidStudioProjects/BottleVault/app/src/main/java/com/toastedcoffee/bottlevault/ui/addedit/AddEditBottleViewModel.kt:229:46 Unresolved reference 'id'.
e: file:///C:/Users/Dom/AndroidStudioProjects/BottleVault/app/src/main/java/com/toastedcoffee/bottlevault/ui/inventory/InventoryScreen.kt:11:47 Unresolved reference 'FilterList'.
e: file:///C:/Users/Dom/AndroidStudioProjects/BottleVault/app/src/main/java/com/toastedcoffee/bottlevault/ui/inventory/InventoryScreen.kt:47:57 Unresolved reference 'FilterList'.
e: file:///C:/Users/Dom/AndroidStudioProjects/BottleVault/app/src/main/java/com/toastedcoffee/bottlevault/ui/inventory/InventoryScreen.kt:84:40 Smart cast to 
'com.toastedcoffee.bottlevault.data.model.BottleStatus' is impossible, because 'selectedFilter' is a delegated property.
e: file:///C:/Users/Dom/AndroidStudioProjects/BottleVault/app/src/main/java/com/toastedcoffee/bottlevault/ui/inventory/InventoryScreen.kt:121:40 Unresolved reference 'bottle'.
e: file:///C:/Users/Dom/AndroidStudioProjects/BottleVault/app/src/main/java/com/toastedcoffee/bottlevault/ui/inventory/InventoryScreen.kt:125:81 Unresolved reference 'bottle'.
e: file:///C:/Users/Dom/AndroidStudioProjects/BottleVault/app/src/main/java/com/toastedcoffee/bottlevault/ui/inventory/InventoryScreen.kt:127:84 Unresolved reference 'bottle'.
e: file:///C:/Users/Dom/AndroidStudioProjects/BottleVault/app/src/main/java/com/toastedcoffee/bottlevault/ui/inventory/InventoryScreen.kt:130:78 Unresolved reference 'bottle'.
e: file:///C:/Users/Dom/AndroidStudioProjects/BottleVault/app/src/main/java/com/toastedcoffee/bottlevault/ui/inventory/InventoryScreen.kt:169:36 Unresolved reference 'bottle'.
e: file:///C:/Users/Dom/AndroidStudioProjects/BottleVault/app/src/main/java/com/toastedcoffee/bottlevault/ui/inventory/InventoryScreen.kt:170:37 Unresolved reference 'product'.
e: file:///C:/Users/Dom/AndroidStudioProjects/BottleVault/app/src/main/java/com/toastedcoffee/bottlevault/ui/inventory/InventoryScreen.kt:212:42 'when' expression must be exhaustive. Add an 'else' 
branch.
e: file:///C:/Users/Dom/AndroidStudioProjects/BottleVault/app/src/main/java/com/toastedcoffee/bottlevault/ui/inventory/InventoryScreen.kt:213:42 Unresolved reference 'AVAILABLE'.
e: file:///C:/Users/Dom/AndroidStudioProjects/BottleVault/app/src/main/java/com/toastedcoffee/bottlevault/ui/inventory/InventoryScreen.kt:214:65 Unresolved reference 'CONSUMED'.
e: file:///C:/Users/Dom/AndroidStudioProjects/BottleVault/app/src/main/java/com/toastedcoffee/bottlevault/ui/inventory/InventoryScreen.kt:215:42 Unresolved reference 'CONSUMED'.
e: file:///C:/Users/Dom/AndroidStudioProjects/BottleVault/app/src/main/java/com/toastedcoffee/bottlevault/ui/inventory/InventoryScreen.kt:215:67 Unresolved reference 'AVAILABLE'.
e: file:///C:/Users/Dom/AndroidStudioProjects/BottleVault/app/src/main/java/com/toastedcoffee/bottlevault/ui/inventory/InventoryScreen.kt:222:38 Cannot infer type for this parameter. Please specify it 
explicitly.
e: file:///C:/Users/Dom/AndroidStudioProjects/BottleVault/app/src/main/java/com/toastedcoffee/bottlevault/ui/inventory/InventoryScreen.kt:222:44 Cannot infer type for this parameter. Please specify it 
explicitly.
e: file:///C:/Users/Dom/AndroidStudioProjects/BottleVault/app/src/main/java/com/toastedcoffee/bottlevault/ui/inventory/InventoryScreen.kt:223:21 @Composable invocations can only happen from the context 
of a @Composable function
e: file:///C:/Users/Dom/AndroidStudioProjects/BottleVault/app/src/main/java/com/toastedcoffee/bottlevault/ui/inventory/InventoryScreen.kt:225:47 @Composable invocations can only happen from the context 
of a @Composable function
e: file:///C:/Users/Dom/AndroidStudioProjects/BottleVault/app/src/main/java/com/toastedcoffee/bottlevault/ui/inventory/InventoryScreen.kt:226:47 @Composable invocations can only happen from the context 
of a @Composable function
e: file:///C:/Users/Dom/AndroidStudioProjects/BottleVault/app/src/main/java/com/toastedcoffee/bottlevault/ui/inventory/InventoryScreen.kt:238:46 Cannot infer type for this parameter. Please specify it 
explicitly.
e: file:///C:/Users/Dom/AndroidStudioProjects/BottleVault/app/src/main/java/com/toastedcoffee/bottlevault/ui/inventory/InventoryScreen.kt:238:52 Cannot infer type for this parameter. Please specify it 
explicitly.
e: file:///C:/Users/Dom/AndroidStudioProjects/BottleVault/app/src/main/java/com/toastedcoffee/bottlevault/ui/inventory/InventoryScreen.kt:241:51 @Composable invocations can only happen from the context 
of a @Composable function
e: file:///C:/Users/Dom/AndroidStudioProjects/BottleVault/app/src/main/java/com/toastedcoffee/bottlevault/ui/inventory/InventoryScreen.kt:242:51 @Composable invocations can only happen from the context 
of a @Composable function
e: file:///C:/Users/Dom/AndroidStudioProjects/BottleVault/app/src/main/java/com/toastedcoffee/bottlevault/ui/inventory/InventoryScreen.kt:249:42 Cannot infer type for this parameter. Please specify it 
explicitly.
e: file:///C:/Users/Dom/AndroidStudioProjects/BottleVault/app/src/main/java/com/toastedcoffee/bottlevault/ui/inventory/InventoryScreen.kt:249:48 Cannot infer type for this parameter. Please specify it 
explicitly.
e: file:///C:/Users/Dom/AndroidStudioProjects/BottleVault/app/src/main/java/com/toastedcoffee/bottlevault/ui/inventory/InventoryScreen.kt:250:25 @Composable invocations can only happen from the context 
of a @Composable function
e: file:///C:/Users/Dom/AndroidStudioProjects/BottleVault/app/src/main/java/com/toastedcoffee/bottlevault/ui/inventory/InventoryScreen.kt:252:51 @Composable invocations can only happen from the context 
of a @Composable function
e: file:///C:/Users/Dom/AndroidStudioProjects/BottleVault/app/src/main/java/com/toastedcoffee/bottlevault/ui/inventory/InventoryScreen.kt:253:51 @Composable invocations can only happen from the context 
of a @Composable function
e: file:///C:/Users/Dom/AndroidStudioProjects/BottleVault/app/src/main/java/com/toastedcoffee/bottlevault/ui/inventory/InventoryScreen.kt:267:25 'when' expression must be exhaustive. Add the 
'UNOPENED', 'EMPTY' branches or an 'else' branch.
e: file:///C:/Users/Dom/AndroidStudioProjects/BottleVault/app/src/main/java/com/toastedcoffee/bottlevault/ui/inventory/InventoryScreen.kt:268:22 Unresolved reference 'AVAILABLE'.
e: file:///C:/Users/Dom/AndroidStudioProjects/BottleVault/app/src/main/java/com/toastedcoffee/bottlevault/ui/inventory/InventoryScreen.kt:270:22 Unresolved reference 'CONSUMED'.
e: file:///C:/Users/Dom/AndroidStudioProjects/BottleVault/app/src/main/java/com/toastedcoffee/bottlevault/ui/inventory/InventoryViewModel.kt:10:54 Unresolved reference 'UserRepository'.
e: file:///C:/Users/Dom/AndroidStudioProjects/BottleVault/app/src/main/java/com/toastedcoffee/bottlevault/ui/inventory/InventoryViewModel.kt:29:33 Unresolved reference 'UserRepository'.
e: file:///C:/Users/Dom/AndroidStudioProjects/BottleVault/app/src/main/java/com/toastedcoffee/bottlevault/ui/inventory/InventoryViewModel.kt:44:17 Cannot infer type for this parameter. Please specify 
it explicitly.
e: file:///C:/Users/Dom/AndroidStudioProjects/BottleVault/app/src/main/java/com/toastedcoffee/bottlevault/ui/inventory/InventoryViewModel.kt:44:17 Not enough information to infer type argument for 'T1'.
e: file:///C:/Users/Dom/AndroidStudioProjects/BottleVault/app/src/main/java/com/toastedcoffee/bottlevault/ui/inventory/InventoryViewModel.kt:44:17 Not enough information to infer type argument for 'R'.
e: file:///C:/Users/Dom/AndroidStudioProjects/BottleVault/app/src/main/java/com/toastedcoffee/bottlevault/ui/inventory/InventoryViewModel.kt:45:38 Unresolved reference 'getAllBottlesWithProducts'.
e: file:///C:/Users/Dom/AndroidStudioProjects/BottleVault/app/src/main/java/com/toastedcoffee/bottlevault/ui/inventory/InventoryViewModel.kt:47:21 Cannot infer type for this parameter. Please specify 
it explicitly.
72 actionable tasks: 70 executed, 2 up-to-date
e: file:///C:/Users/Dom/AndroidStudioProjects/BottleVault/app/src/main/java/com/toastedcoffee/bottlevault/ui/inventory/InventoryViewModel.kt:49:33 Overload resolution ambiguity between candidates:
fun <T> Array<out T>.filter(predicate: (T) -> Boolean): List<T>
fun BooleanArray.filter(predicate: (Boolean) -> Boolean): List<Boolean>
fun ByteArray.filter(predicate: (Byte) -> Boolean): List<Byte>
fun CharArray.filter(predicate: (Char) -> Boolean): List<Char>
fun DoubleArray.filter(predicate: (Double) -> Boolean): List<Double>
fun FloatArray.filter(predicate: (Float) -> Boolean): List<Float>
fun IntArray.filter(predicate: (Int) -> Boolean): List<Int>
fun LongArray.filter(predicate: (Long) -> Boolean): List<Long>
fun ShortArray.filter(predicate: (Short) -> Boolean): List<Short>
fun <T> Iterable<T>.filter(predicate: (T) -> Boolean): List<T>
fun <K, V> Map<out K, V>.filter(predicate: (Map.Entry<K, V>) -> Boolean): Map<K, V>
fun UByteArray.filter(predicate: (UByte) -> Boolean): List<UByte>
fun UIntArray.filter(predicate: (UInt) -> Boolean): List<UInt>
fun ULongArray.filter(predicate: (ULong) -> Boolean): List<ULong>
fun UShortArray.filter(predicate: (UShort) -> Boolean): List<UShort>
fun <T> Sequence<T>.filter(predicate: (T) -> Boolean): Sequence<T>
fun CharSequence.filter(predicate: (Char) -> Boolean): CharSequence
fun String.filter(predicate: (Char) -> Boolean): String
e: file:///C:/Users/Dom/AndroidStudioProjects/BottleVault/app/src/main/java/com/toastedcoffee/bottlevault/ui/inventory/InventoryViewModel.kt:49:42 Unresolved reference 'it'.
e: file:///C:/Users/Dom/AndroidStudioProjects/BottleVault/app/src/main/java/com/toastedcoffee/bottlevault/ui/inventory/InventoryViewModel.kt:60:27 Cannot infer type for this parameter. Please specify 
it explicitly.
e: file:///C:/Users/Dom/AndroidStudioProjects/BottleVault/app/src/main/java/com/toastedcoffee/bottlevault/ui/inventory/InventoryViewModel.kt:77:47 Argument type mismatch: actual type is 
'com.toastedcoffee.bottlevault.data.model.Bottle', but 'kotlin.String' was expected.
e: file:///C:/Users/Dom/AndroidStudioProjects/BottleVault/app/src/main/java/com/toastedcoffee/bottlevault/ui/inventory/InventoryViewModel.kt:89:34 Unresolved reference 'updateBottleStatus'.

FAILURE: Build completed with 2 failures.

1: Task failed with an exception.
-----------
* What went wrong:
Execution failed for task ':app:compileDebugKotlin'.
> A failure occurred while executing org.jetbrains.kotlin.compilerRunner.GradleCompilerRunnerWithWorkers$GradleKotlinCompilerWorkAction
   > Compilation error. See log for more details

* Try:
> Run with --stacktrace option to get the stack trace.
> Run with --info or --debug option to get more log output.
> Run with --scan to get full insights.
> Get more help at https://help.gradle.org.
==============================================================================

2: Task failed with an exception.
-----------
* What went wrong:
Execution failed for task ':app:compileReleaseKotlin'.
> A failure occurred while executing org.jetbrains.kotlin.compilerRunner.GradleCompilerRunnerWithWorkers$GradleKotlinCompilerWorkAction
   > Compilation error. See log for more details

* Try:
> Run with --stacktrace option to get the stack trace.
> Run with --info or --debug option to get more log output.
> Run with --scan to get full insights.
> Get more help at https://help.gradle.org.
==============================================================================

BUILD FAILED in 7s
